Give me a one two three.
  1
  2
  3
  Give me a four five six.
    4
    5
    6

Give me a 789 (seven eight nine).
  Give me a 10 (TEN!).

Give me an abc.
  {"value":"a"}
  a
  a
  {"value":"b"}
  b
  b
  {"value":"c"}
  c
  c
  Give me an abc.
    {"value":"a"}
    a
    a
    {"value":"b"}
    b
    b
    {"value":"c"}
    c
    c

Should render blank lines between each of these:
  1

  2

  3

    1

    2

    3


Should render each inline:
123
  456

Nothing to see here.

Nothing to see here either.

  

Done!
