Partials should inherit only the global state of contexts.

 no args: foo.bar:baz, arg.qux:, arg1.qux:10, arg2.qux:20, arg3.qux:30, arg4.qux:, arg5.qux:.
arg:arg1: foo.bar:baz, arg.qux:10, arg1.qux:10, arg2.qux:20, arg3.qux:30, arg4.qux:, arg5.qux:.
arg:arg2: foo.bar:baz, arg.qux:20, arg1.qux:10, arg2.qux:20, arg3.qux:30, arg4.qux:, arg5.qux:.

 no args: foo.bar:baz, arg.qux:, arg1.qux:10, arg2.qux:20, arg3.qux:30, arg4.qux:, arg5.qux:.
arg:arg1: foo.bar:baz, arg.qux:10, arg1.qux:10, arg2.qux:20, arg3.qux:30, arg4.qux:, arg5.qux:.
arg:arg2: foo.bar:baz, arg.qux:40, arg1.qux:10, arg2.qux:20, arg3.qux:30, arg4.qux:, arg5.qux:.

 no args: foo.bar:baz, arg.qux:, arg1.qux:10, arg2.qux:20, arg3.qux:30, arg4.qux:, arg5.qux:.
arg:arg1: foo.bar:baz, arg.qux:10, arg1.qux:10, arg2.qux:20, arg3.qux:30, arg4.qux:, arg5.qux:.
arg:arg2: foo.bar:baz, arg.qux:40, arg1.qux:10, arg2.qux:20, arg3.qux:30, arg4.qux:, arg5.qux:.
